// Vitest Snapshot v1, https://vitest.dev/guide/snapshot.html

exports[`kpis & aggregations > dashboard / readiness 1`] = `
{
  "complianceReady": [
    2,
    0,
    1,
    1,
  ],
  "dashboard": [
    {
      "activeSites": 3,
      "complianceReadySites": 2,
      "skillCoverage": 84,
      "totalEmployees": 25,
      "urgentTraining": 0,
    },
    {
      "activeSites": 1,
      "complianceReadySites": 1,
      "skillCoverage": 84,
      "totalEmployees": 8,
      "urgentTraining": 0,
    },
    {
      "activeSites": 1,
      "complianceReadySites": 1,
      "skillCoverage": 84,
      "totalEmployees": 8,
      "urgentTraining": 0,
    },
    {
      "activeSites": 1,
      "complianceReadySites": 0,
      "skillCoverage": 84,
      "totalEmployees": 8,
      "urgentTraining": 0,
    },
  ],
  "readiness": {
    "length": 3,
    "sha256": "d4887fc6775e0965b22aef0d78cb1dda67780218d042911fb06edd9aa1f824df",
  },
  "skillCoverage": [
    84,
    84,
    84,
    84,
  ],
}
`;

exports[`kpis & aggregations > leave 1`] = `
{
  "employeeKpis": {
    "approvedCount": 0,
    "criticalSiteShortages": 0,
    "currentlyOnLeave": 0,
    "leaveOtRisk": 0,
    "leaveWithoutInformation": 0,
    "longLeaveCases": 0,
    "overdueLeaveClosure": 0,
    "pendingRequests": 1,
    "rejectedCount": 0,
    "totalEmployees": 1,
    "totalRequests": 1,
    "unverifiedAbsences": 0,
  },
  "kpis": [
    {
      "approvedCount": 1,
      "criticalSiteShortages": 1,
      "currentlyOnLeave": 1,
      "leaveOtRisk": 1,
      "leaveWithoutInformation": 0,
      "longLeaveCases": 1,
      "overdueLeaveClosure": 0,
      "pendingRequests": 4,
      "rejectedCount": 2,
      "totalEmployees": 25,
      "totalRequests": 7,
      "unverifiedAbsences": 0,
    },
    {
      "approvedCount": 1,
      "criticalSiteShortages": 0,
      "currentlyOnLeave": 0,
      "leaveOtRisk": 0,
      "leaveWithoutInformation": 0,
      "longLeaveCases": 0,
      "overdueLeaveClosure": 0,
      "pendingRequests": 2,
      "rejectedCount": 0,
      "totalEmployees": 8,
      "totalRequests": 3,
      "unverifiedAbsences": 0,
    },
    {
      "approvedCount": 0,
      "criticalSiteShortages": 0,
      "currentlyOnLeave": 0,
      "leaveOtRisk": 0,
      "leaveWithoutInformation": 0,
      "longLeaveCases": 1,
      "overdueLeaveClosure": 0,
      "pendingRequests": 1,
      "rejectedCount": 1,
      "totalEmployees": 8,
      "totalRequests": 2,
      "unverifiedAbsences": 0,
    },
    {
      "approvedCount": 0,
      "criticalSiteShortages": 1,
      "currentlyOnLeave": 1,
      "leaveOtRisk": 1,
      "leaveWithoutInformation": 0,
      "longLeaveCases": 0,
      "overdueLeaveClosure": 0,
      "pendingRequests": 1,
      "rejectedCount": 1,
      "totalEmployees": 8,
      "totalRequests": 2,
      "unverifiedAbsences": 0,
    },
  ],
  "overlapping": [
    [
      "lv4",
      [],
    ],
    [
      "lv7",
      [],
    ],
    [
      "lv2",
      [],
    ],
    [
      "lv3",
      [],
    ],
    [
      "lv1",
      [],
    ],
    [
      "lv6",
      [],
    ],
    [
      "lv5",
      [],
    ],
  ],
  "pendingJustifications": [],
}
`;

exports[`kpis & aggregations > overtime 1`] = `
{
  "department": [
    {
      "department": "Operations",
      "otCost": 1186535,
      "otHours": 3472.5,
    },
  ],
  "employees": {
    "length": 21,
    "sha256": "cc70cb456e679f1c3229044b3bb8321c057310716c2246162f3e346547a95d83",
  },
  "heatmap": {
    "length": undefined,
    "sha256": "a1e3c398563674f2eb31b73fa62e5a4fbe09b164246c6a7ccc097eb369782409",
  },
  "insights": {
    "length": 24,
    "sha256": "402474934a789c1d041b2a47ae6d67a6a00230560ffa78a5317682add843f4cf",
  },
  "monthly": {
    "length": 9,
    "sha256": "8cd045f35db90135deee4e39c9b9baa1082f86e7551b540a5da0504527740e3d",
  },
  "overview": {
    "avgOtPerEmployee": 165.36,
    "avgOtPerSite": 1157.5,
    "highestEmployee": {
      "employeeId": "emp0127",
      "name": "Rohit Kumar Singh",
      "otCost": 63045,
      "otDays": 90,
      "otHours": 213.5,
      "siteName": "ETP Plant",
    },
    "highestSite": {
      "name": "RO Plant",
      "otCost": 405965,
      "otHours": 1187.5,
      "sharePct": 34.2,
      "siteId": "s-ro",
    },
    "statusBreakdown": {
      "APPROVED": 690,
      "CANCELLED": 0,
      "PAID": 443,
      "PENDING": 193,
      "REJECTED": 202,
    },
    "totalOtCost": 1186535,
    "totalOtDays": 1528,
    "totalOtEmployees": 21,
    "totalOtHours": 3472.5,
  },
  "reason": [
    {
      "otCost": 293320,
      "otHours": 829.5,
      "pct": 23.9,
      "reason": "operational_requirement",
    },
    {
      "otCost": 235465,
      "otHours": 699.5,
      "pct": 20.1,
      "reason": "plant_upset",
    },
    {
      "otCost": 229775,
      "otHours": 688,
      "pct": 19.8,
      "reason": "emergency",
    },
    {
      "otCost": 219435,
      "otHours": 645,
      "pct": 18.6,
      "reason": "employee_absence",
    },
    {
      "otCost": 208540,
      "otHours": 610.5,
      "pct": 17.6,
      "reason": "shift_gap",
    },
  ],
  "shift": [
    {
      "otHours": 1471,
      "shiftId": "sh-general",
      "shiftName": "General Shift",
    },
    {
      "otHours": 992,
      "shiftId": "sh-morning",
      "shiftName": "A Shift (Morning)",
    },
    {
      "otHours": 513.5,
      "shiftId": "sh-afternoon",
      "shiftName": "B Shift (Afternoon)",
    },
    {
      "otHours": 496,
      "shiftId": "sh-night",
      "shiftName": "C Shift (Night)",
    },
  ],
  "sites": {
    "length": 3,
    "sha256": "ad46da090ebd4bc87ad609850da11a2f444998ac7971dba31b4f8fb21675170e",
  },
  "status": [
    {
      "count": 443,
      "otCost": 342065,
      "otHours": 1019,
      "status": "PAID",
    },
    {
      "count": 193,
      "otCost": 149295,
      "otHours": 432.5,
      "status": "PENDING",
    },
    {
      "count": 690,
      "otCost": 534310,
      "otHours": 1542,
      "status": "APPROVED",
    },
    {
      "count": 202,
      "otCost": 160865,
      "otHours": 479,
      "status": "REJECTED",
    },
  ],
  "yearly": [
    {
      "otCost": 1186535,
      "otHours": 3472.5,
      "year": 2026,
    },
  ],
}
`;

exports[`kpis & aggregations > shift / reliever / impact 1`] = `
{
  "coverOptions": {
    "length": 3,
    "sha256": "1026127ff981c78a1f674d3547ca22a53375e1dd21c69d987da37ae0f10ca2e1",
  },
  "deviations": {
    "length": 3,
    "sha256": "9aaec89e572ccc22f78b05bb0ae524266d0544988188889f6bfeb3d5bd012592",
  },
  "impact": {
    "length": undefined,
    "sha256": "75e14d7b5c4a8e4d76473c6108e8b06f8af1fb28a2c2e4a6c0950b03eb4ab40b",
  },
  "otByShiftCause": {
    "length": undefined,
    "sha256": "f0ab37021f7d45730368b9bc635d57dae783ef0c63ad8dbbf17c16a21a280d35",
  },
  "poolKpis": {
    "assigned": 1,
    "available": 5,
    "clusters": 1,
    "coveredByPool": 1,
    "openAbsences": 2,
    "otAvoidanceRate": 50,
    "otLastResort": 1,
    "poolSize": 7,
    "sitesCovered": 3,
  },
  "replacementOptions": {
    "length": 3,
    "sha256": "bcf79dbbdd20a1d02291612397259d46d1c4a6faaeb9410dae42f5c33e40f011",
  },
  "shiftInsights": {
    "length": undefined,
    "sha256": "e12b9e9f5e8ff83a01d9bfb36d02a9c7e47b2a98e59d266926fce990856c9278",
  },
  "shiftKpis": [
    {
      "aShift": 3,
      "bShift": 3,
      "cShift": 3,
      "employeesToday": 12,
      "general": 3,
      "pendingChanges": 2,
      "rotationChangesToday": 2,
      "shiftConflicts": 9,
      "uncoveredPositions": 19,
    },
    {
      "aShift": 1,
      "bShift": 1,
      "cShift": 1,
      "employeesToday": 4,
      "general": 1,
      "pendingChanges": 1,
      "rotationChangesToday": 2,
      "shiftConflicts": 3,
      "uncoveredPositions": 6,
    },
    {
      "aShift": 1,
      "bShift": 1,
      "cShift": 1,
      "employeesToday": 4,
      "general": 1,
      "pendingChanges": 1,
      "rotationChangesToday": 2,
      "shiftConflicts": 3,
      "uncoveredPositions": 6,
    },
    {
      "aShift": 1,
      "bShift": 1,
      "cShift": 1,
      "employeesToday": 4,
      "general": 1,
      "pendingChanges": 0,
      "rotationChangesToday": 2,
      "shiftConflicts": 3,
      "uncoveredPositions": 7,
    },
  ],
}
`;

exports[`kpis & aggregations > training / notifications / salary 1`] = `
{
  "certificates": {
    "length": 0,
    "sha256": "4f53cda18c2baa0c0354bb5f9a3ecbe5ed12ab4d8e11ba873c2f11161202b945",
  },
  "notifications": [],
  "pendingEvaluations": {
    "length": 0,
    "sha256": "4f53cda18c2baa0c0354bb5f9a3ecbe5ed12ab4d8e11ba873c2f11161202b945",
  },
  "salary": [
    {
      "accountLast4": "1000",
      "amount": 34900,
      "bankName": "Axis Bank",
      "currency": "INR",
      "employeeId": "emp0126",
      "employeeName": "Shilpa Hotkar",
      "id": "sal-19",
      "paymentDate": "2026-08-28",
      "paymentMode": "NEFT",
      "paymentTime": "10:42:18",
      "remarks": "Includes OT payout ₹2400",
      "salaryMonth": "2026-08",
      "status": "paid",
    },
    {
      "accountLast4": "1000",
      "amount": 33700,
      "bankName": "Axis Bank",
      "currency": "INR",
      "employeeId": "emp0126",
      "employeeName": "Shilpa Hotkar",
      "id": "sal-20",
      "paymentDate": "2026-07-27",
      "paymentMode": "RTGS",
      "paymentTime": "14:15:03",
      "remarks": "Includes OT payout ₹1200",
      "salaryMonth": "2026-07",
      "status": "paid",
    },
    {
      "accountLast4": "1000",
      "amount": 32500,
      "bankName": "Axis Bank",
      "currency": "INR",
      "employeeId": "emp0126",
      "employeeName": "Shilpa Hotkar",
      "id": "sal-21",
      "paymentDate": "2026-06-26",
      "paymentMode": "UPI",
      "paymentTime": "10:42:18",
      "remarks": undefined,
      "salaryMonth": "2026-06",
      "status": "paid",
    },
    {
      "accountLast4": "1000",
      "amount": 32500,
      "bankName": "Axis Bank",
      "currency": "INR",
      "employeeId": "emp0126",
      "employeeName": "Shilpa Hotkar",
      "id": "sal-22",
      "paymentDate": "2026-05-28",
      "paymentMode": "NEFT",
      "paymentTime": "14:15:03",
      "remarks": undefined,
      "salaryMonth": "2026-05",
      "status": "paid",
    },
    {
      "accountLast4": "1000",
      "amount": 32500,
      "bankName": "Axis Bank",
      "currency": "INR",
      "employeeId": "emp0126",
      "employeeName": "Shilpa Hotkar",
      "id": "sal-23",
      "paymentDate": "2026-04-27",
      "paymentMode": "RTGS",
      "paymentTime": "10:42:18",
      "remarks": undefined,
      "salaryMonth": "2026-04",
      "status": "paid",
    },
    {
      "accountLast4": "1000",
      "amount": 32500,
      "bankName": "Axis Bank",
      "currency": "INR",
      "employeeId": "emp0126",
      "employeeName": "Shilpa Hotkar",
      "id": "sal-24",
      "paymentDate": "2026-03-26",
      "paymentMode": "UPI",
      "paymentTime": "14:15:03",
      "remarks": undefined,
      "salaryMonth": "2026-03",
      "status": "paid",
    },
  ],
  "trainingItems": {
    "length": 0,
    "sha256": "4f53cda18c2baa0c0354bb5f9a3ecbe5ed12ab4d8e11ba873c2f11161202b945",
  },
}
`;

exports[`leave workflow > every action, valid and invalid, records the same result 1`] = `
{
  "admin": {
    "assignedCoverEmployeeId": undefined,
    "assignedRelieverId": "rv1",
    "coverSource": "local_pool",
    "createdAt": "2026-09-23T04:30:00.000Z",
    "daysRequested": 2,
    "department": "Operations",
    "employeeId": "emp0128",
    "employeeName": "Mohee Vinchu",
    "endDate": "2026-09-29",
    "enteredByName": "Mohee Vinchu",
    "enteredByRole": "employee",
    "entrySource": "employee",
    "expectedReturnDate": "2026-09-30",
    "halfDaySlot": undefined,
    "id": "lv-mudltqo0",
    "isHalfDay": undefined,
    "lastCommunication": undefined,
    "leaveBalanceDays": 6,
    "leaveType": "casual",
    "managerDecision": "approved",
    "managerDecisionAt": "2026-09-23T04:30:00.000Z",
    "managerName": "Anand Dakave",
    "mode": "planned",
    "potentialOtCost": 0,
    "potentialOtHours": 0,
    "reason": "Baseline flow",
    "replacementPlan": "Sanjay Kamble arranged from local reliever pool",
    "replacementRequired": true,
    "requestedByName": "Mohee Vinchu",
    "shiftId": "sh-night",
    "siteId": "s-etp",
    "siteInChargeName": "Bidhichand Rajbhar",
    "startDate": "2026-09-28",
    "status": "APPROVED",
    "submittedByEmployeeId": undefined,
    "supervisorName": "Neetesh Diwathe",
    "timeline": [
      {
        "action": "Leave requested",
        "actor": "Mohee Vinchu",
        "at": "2026-09-23T04:30:00.000Z",
        "note": "Requested by employee",
        "role": "employee",
      },
      {
        "action": "Supervisor verified",
        "actor": "Sup",
        "at": "2026-09-23T04:30:00.000Z",
        "note": "Reason and dates confirmed",
        "role": "supervisor",
      },
      {
        "action": "Site decision",
        "actor": "SIC",
        "at": "2026-09-23T04:30:00.000Z",
        "note": "Sanjay Kamble arranged from local reliever pool",
        "role": "site_incharge",
      },
      {
        "action": "Manager approved",
        "actor": "Mgr",
        "at": "2026-09-23T04:30:00.000Z",
        "note": "Awaiting Director final approval",
        "role": "management",
      },
      {
        "action": "Leave approved by Director",
        "actor": "Dir",
        "at": "2026-09-23T04:30:00.000Z",
        "note": "Final director sign-off",
        "role": "director",
      },
    ],
    "updatedAt": "2026-09-23T04:30:00.000Z",
  },
  "cancel": {
    "assignedCoverEmployeeId": undefined,
    "assignedRelieverId": undefined,
    "cancellationReason": "Plans changed",
    "cancelledAt": "2026-09-23T04:30:00.000Z",
    "cancelledByName": "Rohit",
    "cancelledByRole": "employee",
    "coverSource": undefined,
    "createdAt": "2026-09-23T04:30:00.000Z",
    "daysRequested": 2,
    "department": "Operations",
    "employeeConsent": "approved",
    "employeeConsentAt": "2026-09-23T04:30:00.000Z",
    "employeeConsentNote": "ok",
    "employeeId": "emp0127",
    "employeeName": "Rohit Kumar Singh",
    "endDate": "2026-09-29",
    "enteredByName": "Mohee Vinchu",
    "enteredByRole": "supervisor",
    "entrySource": "supervisor_on_behalf",
    "expectedReturnDate": "2026-09-30",
    "halfDaySlot": undefined,
    "id": "lv-mudltqo0",
    "isHalfDay": undefined,
    "lastCommunication": undefined,
    "leaveBalanceDays": 6,
    "leaveType": "casual",
    "managerName": "Anand Dakave",
    "mode": "planned",
    "potentialOtCost": 0,
    "potentialOtHours": 0,
    "reason": "Baseline flow",
    "replacementPlan": undefined,
    "replacementRequired": true,
    "requestedByName": "Mohee Vinchu",
    "shiftId": "sh-afternoon",
    "siteId": "s-etp",
    "siteInChargeName": "Bidhichand Rajbhar",
    "startDate": "2026-09-28",
    "status": "CANCELLED",
    "submittedByEmployeeId": undefined,
    "supervisorName": "Neetesh Diwathe",
    "timeline": [
      {
        "action": "Leave submitted on behalf of employee",
        "actor": "Mohee Vinchu",
        "at": "2026-09-23T04:30:00.000Z",
        "note": "Awaiting employee consent",
        "role": "supervisor",
      },
      {
        "action": "Employee consented",
        "actor": "Rohit",
        "at": "2026-09-23T04:30:00.000Z",
        "note": "Approved to proceed to supervisor",
        "role": "employee",
      },
      {
        "action": "Leave withdrawn",
        "actor": "Rohit",
        "at": "2026-09-23T04:30:00.000Z",
        "note": "Plans changed",
        "role": "employee",
      },
    ],
    "updatedAt": "2026-09-23T04:30:00.000Z",
  },
  "cancelNoReason": {
    "error": "A reason is required to withdraw this leave",
  },
  "chosenEmployeeId": "emp0123",
  "chosenRelieverId": "rv1",
  "closeExtension": {
    "actualReturnDate": "2026-10-03",
    "assignedCoverEmployeeId": undefined,
    "assignedRelieverId": undefined,
    "coverSource": "local_pool",
    "createdAt": "2026-09-23T04:30:00.000Z",
    "daysRequested": 2,
    "department": "Operations",
    "employeeId": "emp0128",
    "employeeName": "Mohee Vinchu",
    "endDate": "2026-09-29",
    "enteredByName": "Mohee Vinchu",
    "enteredByRole": "employee",
    "entrySource": "employee",
    "expectedReturnDate": "2026-09-30",
    "halfDaySlot": undefined,
    "id": "lv-mudltqo0",
    "isHalfDay": undefined,
    "lastCommunication": undefined,
    "leaveBalanceDays": 6,
    "leaveType": "casual",
    "managerDecision": "approved",
    "managerDecisionAt": "2026-09-23T04:30:00.000Z",
    "managerName": "Anand Dakave",
    "mode": "planned",
    "potentialOtCost": 0,
    "potentialOtHours": 0,
    "reason": "Baseline flow",
    "replacementPlan": "Sanjay Kamble arranged from local reliever pool · replacement released",
    "replacementRequired": true,
    "requestedByName": "Mohee Vinchu",
    "shiftId": "sh-night",
    "siteId": "s-etp",
    "siteInChargeName": "Bidhichand Rajbhar",
    "startDate": "2026-09-28",
    "status": "CLOSED",
    "submittedByEmployeeId": undefined,
    "supervisorName": "Neetesh Diwathe",
    "timeline": [
      {
        "action": "Leave requested",
        "actor": "Mohee Vinchu",
        "at": "2026-09-23T04:30:00.000Z",
        "note": "Requested by employee",
        "role": "employee",
      },
      {
        "action": "Supervisor verified",
        "actor": "Sup",
        "at": "2026-09-23T04:30:00.000Z",
        "note": "Reason and dates confirmed",
        "role": "supervisor",
      },
      {
        "action": "Site decision",
        "actor": "SIC",
        "at": "2026-09-23T04:30:00.000Z",
        "note": "Sanjay Kamble arranged from local reliever pool",
        "role": "site_incharge",
      },
      {
        "action": "Manager approved",
        "actor": "Mgr",
        "at": "2026-09-23T04:30:00.000Z",
        "note": "Awaiting Director final approval",
        "role": "management",
      },
      {
        "action": "Leave approved by Director",
        "actor": "Dir",
        "at": "2026-09-23T04:30:00.000Z",
        "note": "Final director sign-off",
        "role": "director",
      },
      {
        "action": "Late return — extension required",
        "actor": "Sup",
        "at": "2026-09-23T04:30:00.000Z",
        "note": "Actual return 2026-10-02",
        "role": "supervisor",
      },
      {
        "action": "Extension closed — return confirmed",
        "actor": "Sup",
        "at": "2026-09-23T04:30:00.000Z",
        "note": "Actual return 2026-10-03",
        "role": "supervisor",
      },
    ],
    "updatedAt": "2026-09-23T04:30:00.000Z",
  },
  "consent": {
    "createdAt": "2026-09-23T04:30:00.000Z",
    "daysRequested": 2,
    "department": "Operations",
    "employeeConsent": "approved",
    "employeeConsentAt": "2026-09-23T04:30:00.000Z",
    "employeeConsentNote": "ok",
    "employeeId": "emp0127",
    "employeeName": "Rohit Kumar Singh",
    "endDate": "2026-09-29",
    "enteredByName": "Mohee Vinchu",
    "enteredByRole": "supervisor",
    "entrySource": "supervisor_on_behalf",
    "expectedReturnDate": "2026-09-30",
    "halfDaySlot": undefined,
    "id": "lv-mudltqo0",
    "isHalfDay": undefined,
    "lastCommunication": undefined,
    "leaveBalanceDays": 6,
    "leaveType": "casual",
    "managerName": "Anand Dakave",
    "mode": "planned",
    "potentialOtCost": 0,
    "potentialOtHours": 0,
    "reason": "Baseline flow",
    "replacementRequired": true,
    "requestedByName": "Mohee Vinchu",
    "shiftId": "sh-afternoon",
    "siteId": "s-etp",
    "siteInChargeName": "Bidhichand Rajbhar",
    "startDate": "2026-09-28",
    "status": "REQUESTED",
    "submittedByEmployeeId": undefined,
    "supervisorName": "Neetesh Diwathe",
    "timeline": [
      {
        "action": "Leave submitted on behalf of employee",
        "actor": "Mohee Vinchu",
        "at": "2026-09-23T04:30:00.000Z",
        "note": "Awaiting employee consent",
        "role": "supervisor",
      },
      {
        "action": "Employee consented",
        "actor": "Rohit",
        "at": "2026-09-23T04:30:00.000Z",
        "note": "Approved to proceed to supervisor",
        "role": "employee",
      },
    ],
    "updatedAt": "2026-09-23T04:30:00.000Z",
  },
  "consentAgain": {
    "error": "Leave is not awaiting employee consent",
  },
  "create": {
    "createdAt": "2026-09-23T04:30:00.000Z",
    "daysRequested": 2,
    "department": "Operations",
    "employeeId": "emp0128",
    "employeeName": "Mohee Vinchu",
    "endDate": "2026-09-29",
    "enteredByName": "Mohee Vinchu",
    "enteredByRole": "employee",
    "entrySource": "employee",
    "expectedReturnDate": "2026-09-30",
    "halfDaySlot": undefined,
    "id": "lv-mudltqo0",
    "isHalfDay": undefined,
    "lastCommunication": undefined,
    "leaveBalanceDays": 6,
    "leaveType": "casual",
    "managerName": "Anand Dakave",
    "mode": "planned",
    "potentialOtCost": 0,
    "potentialOtHours": 0,
    "reason": "Baseline flow",
    "replacementRequired": true,
    "requestedByName": "Mohee Vinchu",
    "shiftId": "sh-night",
    "siteId": "s-etp",
    "siteInChargeName": "Bidhichand Rajbhar",
    "startDate": "2026-09-28",
    "status": "REQUESTED",
    "submittedByEmployeeId": undefined,
    "supervisorName": "Neetesh Diwathe",
    "timeline": [
      {
        "action": "Leave requested",
        "actor": "Mohee Vinchu",
        "at": "2026-09-23T04:30:00.000Z",
        "note": "Requested by employee",
        "role": "employee",
      },
    ],
    "updatedAt": "2026-09-23T04:30:00.000Z",
  },
  "dAdmin2": {
    "assignedCoverEmployeeId": undefined,
    "assignedRelieverId": "rv1",
    "coverSource": "local_pool",
    "createdAt": "2026-09-23T04:30:00.000Z",
    "daysRequested": 1,
    "department": "Operations",
    "employeeId": "emp0130",
    "employeeName": "Sandip Ohol",
    "endDate": "2026-10-06",
    "enteredByName": "Mohee Vinchu",
    "enteredByRole": "employee",
    "entrySource": "employee",
    "expectedReturnDate": "2026-10-07",
    "halfDaySlot": undefined,
    "id": "lv-mudltqo0",
    "isHalfDay": undefined,
    "lastCommunication": undefined,
    "leaveBalanceDays": 6,
    "leaveType": "casual",
    "managerDecision": "approved",
    "managerDecisionAt": "2026-09-23T04:30:00.000Z",
    "managerName": "Anand Dakave",
    "mode": "planned",
    "potentialOtCost": 0,
    "potentialOtHours": 0,
    "reason": "Baseline flow",
    "replacementPlan": "Sanjay Kamble arranged from local reliever pool",
    "replacementRequired": true,
    "requestedByName": "Sandip Ohol",
    "shiftId": "sh-general",
    "siteId": "s-etp",
    "siteInChargeName": "Bidhichand Rajbhar",
    "startDate": "2026-10-06",
    "status": "APPROVED",
    "submittedByEmployeeId": undefined,
    "supervisorName": "Neetesh Diwathe",
    "timeline": [
      {
        "action": "Leave requested",
        "actor": "Mohee Vinchu",
        "at": "2026-09-23T04:30:00.000Z",
        "note": "Requested by employee",
        "role": "employee",
      },
      {
        "action": "Supervisor verified",
        "actor": "Sup",
        "at": "2026-09-23T04:30:00.000Z",
        "note": "Reason and dates confirmed",
        "role": "supervisor",
      },
      {
        "action": "Site decision",
        "actor": "SIC",
        "at": "2026-09-23T04:30:00.000Z",
        "note": "Sanjay Kamble arranged from local reliever pool",
        "role": "site_incharge",
      },
      {
        "action": "Manager approved",
        "actor": "Mgr",
        "at": "2026-09-23T04:30:00.000Z",
        "note": "Awaiting Director final approval",
        "role": "management",
      },
      {
        "action": "Leave approved by Director",
        "actor": "Dir",
        "at": "2026-09-23T04:30:00.000Z",
        "note": "Final director sign-off",
        "role": "director",
      },
    ],
    "updatedAt": "2026-09-23T04:30:00.000Z",
  },
  "dManager": {
    "assignedCoverEmployeeId": undefined,
    "assignedRelieverId": "rv1",
    "coverSource": "local_pool",
    "createdAt": "2026-09-23T04:30:00.000Z",
    "daysRequested": 1,
    "department": "Operations",
    "employeeId": "emp0130",
    "employeeName": "Sandip Ohol",
    "endDate": "2026-10-06",
    "enteredByName": "Mohee Vinchu",
    "enteredByRole": "employee",
    "entrySource": "employee",
    "expectedReturnDate": "2026-10-07",
    "halfDaySlot": undefined,
    "id": "lv-mudltqo0",
    "isHalfDay": undefined,
    "lastCommunication": undefined,
    "leaveBalanceDays": 6,
    "leaveType": "casual",
    "managerDecision": "approved",
    "managerDecisionAt": "2026-09-23T04:30:00.000Z",
    "managerName": "Anand Dakave",
    "mode": "planned",
    "potentialOtCost": 0,
    "potentialOtHours": 0,
    "reason": "Baseline flow",
    "replacementPlan": "Sanjay Kamble arranged from local reliever pool",
    "replacementRequired": true,
    "requestedByName": "Sandip Ohol",
    "shiftId": "sh-general",
    "siteId": "s-etp",
    "siteInChargeName": "Bidhichand Rajbhar",
    "startDate": "2026-10-06",
    "status": "MANAGER_APPROVED",
    "submittedByEmployeeId": undefined,
    "supervisorName": "Neetesh Diwathe",
    "timeline": [
      {
        "action": "Leave requested",
        "actor": "Mohee Vinchu",
        "at": "2026-09-23T04:30:00.000Z",
        "note": "Requested by employee",
        "role": "employee",
      },
      {
        "action": "Supervisor verified",
        "actor": "Sup",
        "at": "2026-09-23T04:30:00.000Z",
        "note": "Reason and dates confirmed",
        "role": "supervisor",
      },
      {
        "action": "Site decision",
        "actor": "SIC",
        "at": "2026-09-23T04:30:00.000Z",
        "note": "Sanjay Kamble arranged from local reliever pool",
        "role": "site_incharge",
      },
      {
        "action": "Manager approved",
        "actor": "Mgr",
        "at": "2026-09-23T04:30:00.000Z",
        "note": "Awaiting Director final approval",
        "role": "management",
      },
    ],
    "updatedAt": "2026-09-23T04:30:00.000Z",
  },
  "dOnTimeReturn": {
    "actualReturnDate": "2026-10-07",
    "assignedCoverEmployeeId": undefined,
    "assignedRelieverId": undefined,
    "coverSource": "local_pool",
    "createdAt": "2026-09-23T04:30:00.000Z",
    "daysRequested": 1,
    "department": "Operations",
    "employeeId": "emp0130",
    "employeeName": "Sandip Ohol",
    "endDate": "2026-10-06",
    "enteredByName": "Mohee Vinchu",
    "enteredByRole": "employee",
    "entrySource": "employee",
    "expectedReturnDate": "2026-10-07",
    "halfDaySlot": undefined,
    "id": "lv-mudltqo0",
    "isHalfDay": undefined,
    "lastCommunication": undefined,
    "leaveBalanceDays": 6,
    "leaveType": "casual",
    "managerDecision": "approved",
    "managerDecisionAt": "2026-09-23T04:30:00.000Z",
    "managerName": "Anand Dakave",
    "mode": "planned",
    "potentialOtCost": 0,
    "potentialOtHours": 0,
    "reason": "Baseline flow",
    "replacementPlan": "Sanjay Kamble arranged from local reliever pool · replacement released",
    "replacementRequired": true,
    "requestedByName": "Sandip Ohol",
    "shiftId": "sh-general",
    "siteId": "s-etp",
    "siteInChargeName": "Bidhichand Rajbhar",
    "startDate": "2026-10-06",
    "status": "CLOSED",
    "submittedByEmployeeId": undefined,
    "supervisorName": "Neetesh Diwathe",
    "timeline": [
      {
        "action": "Leave requested",
        "actor": "Mohee Vinchu",
        "at": "2026-09-23T04:30:00.000Z",
        "note": "Requested by employee",
        "role": "employee",
      },
      {
        "action": "Supervisor verified",
        "actor": "Sup",
        "at": "2026-09-23T04:30:00.000Z",
        "note": "Reason and dates confirmed",
        "role": "supervisor",
      },
      {
        "action": "Site decision",
        "actor": "SIC",
        "at": "2026-09-23T04:30:00.000Z",
        "note": "Sanjay Kamble arranged from local reliever pool",
        "role": "site_incharge",
      },
      {
        "action": "Manager approved",
        "actor": "Mgr",
        "at": "2026-09-23T04:30:00.000Z",
        "note": "Awaiting Director final approval",
        "role": "management",
      },
      {
        "action": "Leave approved by Director",
        "actor": "Dir",
        "at": "2026-09-23T04:30:00.000Z",
        "note": "Final director sign-off",
        "role": "director",
      },
      {
        "action": "Return to duty confirmed",
        "actor": "Sup",
        "at": "2026-09-23T04:30:00.000Z",
        "note": "Actual return 2026-10-07",
        "role": "supervisor",
      },
    ],
    "updatedAt": "2026-09-23T04:30:00.000Z",
  },
  "dSite": {
    "assignedCoverEmployeeId": undefined,
    "assignedRelieverId": "rv1",
    "coverSource": "local_pool",
    "createdAt": "2026-09-23T04:30:00.000Z",
    "daysRequested": 1,
    "department": "Operations",
    "employeeId": "emp0130",
    "employeeName": "Sandip Ohol",
    "endDate": "2026-10-06",
    "enteredByName": "Mohee Vinchu",
    "enteredByRole": "employee",
    "entrySource": "employee",
    "expectedReturnDate": "2026-10-07",
    "halfDaySlot": undefined,
    "id": "lv-mudltqo0",
    "isHalfDay": undefined,
    "lastCommunication": undefined,
    "leaveBalanceDays": 6,
    "leaveType": "casual",
    "managerName": "Anand Dakave",
    "mode": "planned",
    "potentialOtCost": 0,
    "potentialOtHours": 0,
    "reason": "Baseline flow",
    "replacementPlan": "Sanjay Kamble arranged from local reliever pool",
    "replacementRequired": true,
    "requestedByName": "Sandip Ohol",
    "shiftId": "sh-general",
    "siteId": "s-etp",
    "siteInChargeName": "Bidhichand Rajbhar",
    "startDate": "2026-10-06",
    "status": "SITE_APPROVED",
    "submittedByEmployeeId": undefined,
    "supervisorName": "Neetesh Diwathe",
    "timeline": [
      {
        "action": "Leave requested",
        "actor": "Mohee Vinchu",
        "at": "2026-09-23T04:30:00.000Z",
        "note": "Requested by employee",
        "role": "employee",
      },
      {
        "action": "Supervisor verified",
        "actor": "Sup",
        "at": "2026-09-23T04:30:00.000Z",
        "note": "Reason and dates confirmed",
        "role": "supervisor",
      },
      {
        "action": "Site decision",
        "actor": "SIC",
        "at": "2026-09-23T04:30:00.000Z",
        "note": "Sanjay Kamble arranged from local reliever pool",
        "role": "site_incharge",
      },
    ],
    "updatedAt": "2026-09-23T04:30:00.000Z",
  },
  "dVerify": {
    "createdAt": "2026-09-23T04:30:00.000Z",
    "daysRequested": 1,
    "department": "Operations",
    "employeeId": "emp0130",
    "employeeName": "Sandip Ohol",
    "endDate": "2026-10-06",
    "enteredByName": "Mohee Vinchu",
    "enteredByRole": "employee",
    "entrySource": "employee",
    "expectedReturnDate": "2026-10-07",
    "halfDaySlot": undefined,
    "id": "lv-mudltqo0",
    "isHalfDay": undefined,
    "lastCommunication": undefined,
    "leaveBalanceDays": 6,
    "leaveType": "casual",
    "managerName": "Anand Dakave",
    "mode": "planned",
    "potentialOtCost": 0,
    "potentialOtHours": 0,
    "reason": "Baseline flow",
    "replacementRequired": true,
    "requestedByName": "Sandip Ohol",
    "shiftId": "sh-general",
    "siteId": "s-etp",
    "siteInChargeName": "Bidhichand Rajbhar",
    "startDate": "2026-10-06",
    "status": "SUPERVISOR_VERIFIED",
    "submittedByEmployeeId": undefined,
    "supervisorName": "Neetesh Diwathe",
    "timeline": [
      {
        "action": "Leave requested",
        "actor": "Mohee Vinchu",
        "at": "2026-09-23T04:30:00.000Z",
        "note": "Requested by employee",
        "role": "employee",
      },
      {
        "action": "Supervisor verified",
        "actor": "Sup",
        "at": "2026-09-23T04:30:00.000Z",
        "note": "Reason and dates confirmed",
        "role": "supervisor",
      },
    ],
    "updatedAt": "2026-09-23T04:30:00.000Z",
  },
  "eSite": {
    "assignedCoverEmployeeId": "emp0123",
    "assignedRelieverId": undefined,
    "coverSource": "local_employee",
    "createdAt": "2026-09-23T04:30:00.000Z",
    "daysRequested": 1,
    "department": "Operations",
    "employeeId": "emp0126",
    "employeeName": "Shilpa Hotkar",
    "endDate": "2026-10-06",
    "enteredByName": "Mohee Vinchu",
    "enteredByRole": "employee",
    "entrySource": "employee",
    "expectedReturnDate": "2026-10-07",
    "halfDaySlot": undefined,
    "id": "lv-mudltqo0",
    "isHalfDay": undefined,
    "lastCommunication": undefined,
    "leaveBalanceDays": 6,
    "leaveType": "casual",
    "managerName": "Anand Dakave",
    "mode": "planned",
    "potentialOtCost": 0,
    "potentialOtHours": 0,
    "reason": "Baseline flow",
    "replacementPlan": "Anand Dakave arranged from same plant employees",
    "replacementRequired": true,
    "requestedByName": "Shilpa Hotkar",
    "shiftId": "sh-morning",
    "siteId": "s-etp",
    "siteInChargeName": "Bidhichand Rajbhar",
    "startDate": "2026-10-06",
    "status": "SITE_APPROVED",
    "submittedByEmployeeId": undefined,
    "supervisorName": "Neetesh Diwathe",
    "timeline": [
      {
        "action": "Leave requested",
        "actor": "Mohee Vinchu",
        "at": "2026-09-23T04:30:00.000Z",
        "note": "Requested by employee",
        "role": "employee",
      },
      {
        "action": "Supervisor verified",
        "actor": "Sup",
        "at": "2026-09-23T04:30:00.000Z",
        "note": "Reason and dates confirmed",
        "role": "supervisor",
      },
      {
        "action": "Site decision",
        "actor": "SIC",
        "at": "2026-09-23T04:30:00.000Z",
        "note": "Anand Dakave arranged from same plant employees",
        "role": "site_incharge",
      },
    ],
    "updatedAt": "2026-09-23T04:30:00.000Z",
  },
  "eSiteAgain": {
    "error": "Cannot move leave from SITE_APPROVED to SITE_APPROVED",
  },
  "eVerify": {
    "createdAt": "2026-09-23T04:30:00.000Z",
    "daysRequested": 1,
    "department": "Operations",
    "employeeId": "emp0126",
    "employeeName": "Shilpa Hotkar",
    "endDate": "2026-10-06",
    "enteredByName": "Mohee Vinchu",
    "enteredByRole": "employee",
    "entrySource": "employee",
    "expectedReturnDate": "2026-10-07",
    "halfDaySlot": undefined,
    "id": "lv-mudltqo0",
    "isHalfDay": undefined,
    "lastCommunication": undefined,
    "leaveBalanceDays": 6,
    "leaveType": "casual",
    "managerName": "Anand Dakave",
    "mode": "planned",
    "potentialOtCost": 0,
    "potentialOtHours": 0,
    "reason": "Baseline flow",
    "replacementRequired": true,
    "requestedByName": "Shilpa Hotkar",
    "shiftId": "sh-morning",
    "siteId": "s-etp",
    "siteInChargeName": "Bidhichand Rajbhar",
    "startDate": "2026-10-06",
    "status": "SUPERVISOR_VERIFIED",
    "submittedByEmployeeId": undefined,
    "supervisorName": "Neetesh Diwathe",
    "timeline": [
      {
        "action": "Leave requested",
        "actor": "Mohee Vinchu",
        "at": "2026-09-23T04:30:00.000Z",
        "note": "Requested by employee",
        "role": "employee",
      },
      {
        "action": "Supervisor verified",
        "actor": "Sup",
        "at": "2026-09-23T04:30:00.000Z",
        "note": "Reason and dates confirmed",
        "role": "supervisor",
      },
    ],
    "updatedAt": "2026-09-23T04:30:00.000Z",
  },
  "emergencyCreate": {
    "createdAt": "2026-09-23T04:30:00.000Z",
    "daysRequested": 2,
    "department": "Operations",
    "employeeId": "emp0129",
    "employeeName": "Sanket Jagadale",
    "endDate": "2026-09-29",
    "enteredByName": "Mohee Vinchu",
    "enteredByRole": "employee",
    "entrySource": "employee",
    "expectedReturnDate": "2026-09-30",
    "halfDaySlot": undefined,
    "id": "lv-mudltqo0",
    "isHalfDay": undefined,
    "lastCommunication": undefined,
    "leaveBalanceDays": 6,
    "leaveType": "casual",
    "managerName": "Anand Dakave",
    "mode": "emergency",
    "potentialOtCost": 0,
    "potentialOtHours": 0,
    "reason": "Baseline flow",
    "replacementRequired": true,
    "requestedByName": "Sanket Jagadale",
    "shiftId": "sh-morning",
    "siteId": "s-etp",
    "siteInChargeName": "Bidhichand Rajbhar",
    "startDate": "2026-09-28",
    "status": "ABSENT",
    "submittedByEmployeeId": undefined,
    "supervisorName": "Neetesh Diwathe",
    "timeline": [
      {
        "action": "Emergency absence recorded",
        "actor": "Mohee Vinchu",
        "at": "2026-09-23T04:30:00.000Z",
        "note": "Requested by employee",
        "role": "employee",
      },
    ],
    "updatedAt": "2026-09-23T04:30:00.000Z",
  },
  "emergencySite": {
    "assignedCoverEmployeeId": undefined,
    "assignedRelieverId": undefined,
    "coverSource": "ot_fallback",
    "createdAt": "2026-09-23T04:30:00.000Z",
    "daysRequested": 2,
    "department": "Operations",
    "employeeId": "emp0129",
    "employeeName": "Sanket Jagadale",
    "endDate": "2026-09-29",
    "enteredByName": "Mohee Vinchu",
    "enteredByRole": "employee",
    "entrySource": "employee",
    "expectedReturnDate": "2026-09-30",
    "halfDaySlot": undefined,
    "id": "lv-mudltqo0",
    "isHalfDay": undefined,
    "lastCommunication": undefined,
    "leaveBalanceDays": 6,
    "leaveType": "casual",
    "managerName": "Anand Dakave",
    "mode": "emergency",
    "potentialOtCost": 0,
    "potentialOtHours": 0,
    "reason": "Baseline flow",
    "replacementPlan": "No cover chosen — OT last resort",
    "replacementRequired": false,
    "requestedByName": "Sanket Jagadale",
    "shiftId": "sh-morning",
    "siteId": "s-etp",
    "siteInChargeName": "Bidhichand Rajbhar",
    "startDate": "2026-09-28",
    "status": "SITE_VERIFIED",
    "submittedByEmployeeId": undefined,
    "supervisorName": "Neetesh Diwathe",
    "timeline": [
      {
        "action": "Emergency absence recorded",
        "actor": "Mohee Vinchu",
        "at": "2026-09-23T04:30:00.000Z",
        "note": "Requested by employee",
        "role": "employee",
      },
      {
        "action": "Supervisor verified",
        "actor": "Sup",
        "at": "2026-09-23T04:30:00.000Z",
        "note": "Reason and dates confirmed",
        "role": "supervisor",
      },
      {
        "action": "Site decision",
        "actor": "SIC",
        "at": "2026-09-23T04:30:00.000Z",
        "note": "No cover chosen — OT last resort",
        "role": "site_incharge",
      },
    ],
    "updatedAt": "2026-09-23T04:30:00.000Z",
  },
  "emergencyVerify": {
    "createdAt": "2026-09-23T04:30:00.000Z",
    "daysRequested": 2,
    "department": "Operations",
    "employeeId": "emp0129",
    "employeeName": "Sanket Jagadale",
    "endDate": "2026-09-29",
    "enteredByName": "Mohee Vinchu",
    "enteredByRole": "employee",
    "entrySource": "employee",
    "expectedReturnDate": "2026-09-30",
    "halfDaySlot": undefined,
    "id": "lv-mudltqo0",
    "isHalfDay": undefined,
    "lastCommunication": undefined,
    "leaveBalanceDays": 6,
    "leaveType": "casual",
    "managerName": "Anand Dakave",
    "mode": "emergency",
    "potentialOtCost": 0,
    "potentialOtHours": 0,
    "reason": "Baseline flow",
    "replacementRequired": true,
    "requestedByName": "Sanket Jagadale",
    "shiftId": "sh-morning",
    "siteId": "s-etp",
    "siteInChargeName": "Bidhichand Rajbhar",
    "startDate": "2026-09-28",
    "status": "SUPERVISOR_RECORDED",
    "submittedByEmployeeId": undefined,
    "supervisorName": "Neetesh Diwathe",
    "timeline": [
      {
        "action": "Emergency absence recorded",
        "actor": "Mohee Vinchu",
        "at": "2026-09-23T04:30:00.000Z",
        "note": "Requested by employee",
        "role": "employee",
      },
      {
        "action": "Supervisor verified",
        "actor": "Sup",
        "at": "2026-09-23T04:30:00.000Z",
        "note": "Reason and dates confirmed",
        "role": "supervisor",
      },
    ],
    "updatedAt": "2026-09-23T04:30:00.000Z",
  },
  "escalate": {
    "error": "Cannot move leave from SITE_VERIFIED to PENDING_INFORMATION",
  },
  "finalStore": {
    "length": 12,
    "sha256": "13067d9ea72be068583c6a357801c7d0082c743fc5189a5da47752d9463f2e17",
  },
  "invalidFinalize": {
    "error": "Cannot move leave from REQUESTED to APPROVED",
  },
  "lateReturn": {
    "actualReturnDate": "2026-10-02",
    "assignedCoverEmployeeId": undefined,
    "assignedRelieverId": "rv1",
    "coverSource": "local_pool",
    "createdAt": "2026-09-23T04:30:00.000Z",
    "daysRequested": 2,
    "department": "Operations",
    "employeeId": "emp0128",
    "employeeName": "Mohee Vinchu",
    "endDate": "2026-09-29",
    "enteredByName": "Mohee Vinchu",
    "enteredByRole": "employee",
    "entrySource": "employee",
    "expectedReturnDate": "2026-09-30",
    "halfDaySlot": undefined,
    "id": "lv-mudltqo0",
    "isHalfDay": undefined,
    "lastCommunication": undefined,
    "leaveBalanceDays": 6,
    "leaveType": "casual",
    "managerDecision": "approved",
    "managerDecisionAt": "2026-09-23T04:30:00.000Z",
    "managerName": "Anand Dakave",
    "mode": "planned",
    "potentialOtCost": 0,
    "potentialOtHours": 0,
    "reason": "Baseline flow",
    "replacementPlan": "Sanjay Kamble arranged from local reliever pool",
    "replacementRequired": true,
    "requestedByName": "Mohee Vinchu",
    "shiftId": "sh-night",
    "siteId": "s-etp",
    "siteInChargeName": "Bidhichand Rajbhar",
    "startDate": "2026-09-28",
    "status": "EXTENSION_REQUIRED",
    "submittedByEmployeeId": undefined,
    "supervisorName": "Neetesh Diwathe",
    "timeline": [
      {
        "action": "Leave requested",
        "actor": "Mohee Vinchu",
        "at": "2026-09-23T04:30:00.000Z",
        "note": "Requested by employee",
        "role": "employee",
      },
      {
        "action": "Supervisor verified",
        "actor": "Sup",
        "at": "2026-09-23T04:30:00.000Z",
        "note": "Reason and dates confirmed",
        "role": "supervisor",
      },
      {
        "action": "Site decision",
        "actor": "SIC",
        "at": "2026-09-23T04:30:00.000Z",
        "note": "Sanjay Kamble arranged from local reliever pool",
        "role": "site_incharge",
      },
      {
        "action": "Manager approved",
        "actor": "Mgr",
        "at": "2026-09-23T04:30:00.000Z",
        "note": "Awaiting Director final approval",
        "role": "management",
      },
      {
        "action": "Leave approved by Director",
        "actor": "Dir",
        "at": "2026-09-23T04:30:00.000Z",
        "note": "Final director sign-off",
        "role": "director",
      },
      {
        "action": "Late return — extension required",
        "actor": "Sup",
        "at": "2026-09-23T04:30:00.000Z",
        "note": "Actual return 2026-10-02",
        "role": "supervisor",
      },
    ],
    "updatedAt": "2026-09-23T04:30:00.000Z",
  },
  "manager": {
    "assignedCoverEmployeeId": undefined,
    "assignedRelieverId": "rv1",
    "coverSource": "local_pool",
    "createdAt": "2026-09-23T04:30:00.000Z",
    "daysRequested": 2,
    "department": "Operations",
    "employeeId": "emp0128",
    "employeeName": "Mohee Vinchu",
    "endDate": "2026-09-29",
    "enteredByName": "Mohee Vinchu",
    "enteredByRole": "employee",
    "entrySource": "employee",
    "expectedReturnDate": "2026-09-30",
    "halfDaySlot": undefined,
    "id": "lv-mudltqo0",
    "isHalfDay": undefined,
    "lastCommunication": undefined,
    "leaveBalanceDays": 6,
    "leaveType": "casual",
    "managerDecision": "approved",
    "managerDecisionAt": "2026-09-23T04:30:00.000Z",
    "managerName": "Anand Dakave",
    "mode": "planned",
    "potentialOtCost": 0,
    "potentialOtHours": 0,
    "reason": "Baseline flow",
    "replacementPlan": "Sanjay Kamble arranged from local reliever pool",
    "replacementRequired": true,
    "requestedByName": "Mohee Vinchu",
    "shiftId": "sh-night",
    "siteId": "s-etp",
    "siteInChargeName": "Bidhichand Rajbhar",
    "startDate": "2026-09-28",
    "status": "MANAGER_APPROVED",
    "submittedByEmployeeId": undefined,
    "supervisorName": "Neetesh Diwathe",
    "timeline": [
      {
        "action": "Leave requested",
        "actor": "Mohee Vinchu",
        "at": "2026-09-23T04:30:00.000Z",
        "note": "Requested by employee",
        "role": "employee",
      },
      {
        "action": "Supervisor verified",
        "actor": "Sup",
        "at": "2026-09-23T04:30:00.000Z",
        "note": "Reason and dates confirmed",
        "role": "supervisor",
      },
      {
        "action": "Site decision",
        "actor": "SIC",
        "at": "2026-09-23T04:30:00.000Z",
        "note": "Sanjay Kamble arranged from local reliever pool",
        "role": "site_incharge",
      },
      {
        "action": "Manager approved",
        "actor": "Mgr",
        "at": "2026-09-23T04:30:00.000Z",
        "note": "Awaiting Director final approval",
        "role": "management",
      },
    ],
    "updatedAt": "2026-09-23T04:30:00.000Z",
  },
  "onBehalfCreate": {
    "createdAt": "2026-09-23T04:30:00.000Z",
    "daysRequested": 2,
    "department": "Operations",
    "employeeId": "emp0127",
    "employeeName": "Rohit Kumar Singh",
    "endDate": "2026-09-29",
    "enteredByName": "Mohee Vinchu",
    "enteredByRole": "supervisor",
    "entrySource": "supervisor_on_behalf",
    "expectedReturnDate": "2026-09-30",
    "halfDaySlot": undefined,
    "id": "lv-mudltqo0",
    "isHalfDay": undefined,
    "lastCommunication": undefined,
    "leaveBalanceDays": 6,
    "leaveType": "casual",
    "managerName": "Anand Dakave",
    "mode": "planned",
    "potentialOtCost": 0,
    "potentialOtHours": 0,
    "reason": "Baseline flow",
    "replacementRequired": true,
    "requestedByName": "Mohee Vinchu",
    "shiftId": "sh-afternoon",
    "siteId": "s-etp",
    "siteInChargeName": "Bidhichand Rajbhar",
    "startDate": "2026-09-28",
    "status": "PENDING_EMPLOYEE_CONSENT",
    "submittedByEmployeeId": undefined,
    "supervisorName": "Neetesh Diwathe",
    "timeline": [
      {
        "action": "Leave submitted on behalf of employee",
        "actor": "Mohee Vinchu",
        "at": "2026-09-23T04:30:00.000Z",
        "note": "Awaiting employee consent",
        "role": "supervisor",
      },
    ],
    "updatedAt": "2026-09-23T04:30:00.000Z",
  },
  "reject": {
    "assignedCoverEmployeeId": undefined,
    "assignedRelieverId": undefined,
    "coverSource": "ot_fallback",
    "createdAt": "2026-09-23T04:30:00.000Z",
    "daysRequested": 2,
    "department": "Operations",
    "employeeId": "emp0129",
    "employeeName": "Sanket Jagadale",
    "endDate": "2026-09-29",
    "enteredByName": "Mohee Vinchu",
    "enteredByRole": "employee",
    "entrySource": "employee",
    "expectedReturnDate": "2026-09-30",
    "halfDaySlot": undefined,
    "id": "lv-mudltqo0",
    "isHalfDay": undefined,
    "lastCommunication": undefined,
    "leaveBalanceDays": 6,
    "leaveType": "casual",
    "managerDecision": "rejected",
    "managerDecisionAt": "2026-09-23T04:30:00.000Z",
    "managerName": "Anand Dakave",
    "mode": "emergency",
    "potentialOtCost": 0,
    "potentialOtHours": 0,
    "reason": "Baseline flow",
    "rejectionReason": "Not justified",
    "replacementPlan": "No cover chosen — OT last resort",
    "replacementRequired": false,
    "requestedByName": "Sanket Jagadale",
    "shiftId": "sh-morning",
    "siteId": "s-etp",
    "siteInChargeName": "Bidhichand Rajbhar",
    "startDate": "2026-09-28",
    "status": "REJECTED",
    "submittedByEmployeeId": undefined,
    "supervisorName": "Neetesh Diwathe",
    "timeline": [
      {
        "action": "Emergency absence recorded",
        "actor": "Mohee Vinchu",
        "at": "2026-09-23T04:30:00.000Z",
        "note": "Requested by employee",
        "role": "employee",
      },
      {
        "action": "Supervisor verified",
        "actor": "Sup",
        "at": "2026-09-23T04:30:00.000Z",
        "note": "Reason and dates confirmed",
        "role": "supervisor",
      },
      {
        "action": "Site decision",
        "actor": "SIC",
        "at": "2026-09-23T04:30:00.000Z",
        "note": "No cover chosen — OT last resort",
        "role": "site_incharge",
      },
      {
        "action": "Leave rejected",
        "actor": "Mgr",
        "at": "2026-09-23T04:30:00.000Z",
        "note": "Not justified",
        "role": "management",
      },
    ],
    "updatedAt": "2026-09-23T04:30:00.000Z",
  },
  "rejectNoNote": {
    "error": "A remark is required to reject",
  },
  "siteApprove": {
    "assignedCoverEmployeeId": undefined,
    "assignedRelieverId": "rv1",
    "coverSource": "local_pool",
    "createdAt": "2026-09-23T04:30:00.000Z",
    "daysRequested": 2,
    "department": "Operations",
    "employeeId": "emp0128",
    "employeeName": "Mohee Vinchu",
    "endDate": "2026-09-29",
    "enteredByName": "Mohee Vinchu",
    "enteredByRole": "employee",
    "entrySource": "employee",
    "expectedReturnDate": "2026-09-30",
    "halfDaySlot": undefined,
    "id": "lv-mudltqo0",
    "isHalfDay": undefined,
    "lastCommunication": undefined,
    "leaveBalanceDays": 6,
    "leaveType": "casual",
    "managerName": "Anand Dakave",
    "mode": "planned",
    "potentialOtCost": 0,
    "potentialOtHours": 0,
    "reason": "Baseline flow",
    "replacementPlan": "Sanjay Kamble arranged from local reliever pool",
    "replacementRequired": true,
    "requestedByName": "Mohee Vinchu",
    "shiftId": "sh-night",
    "siteId": "s-etp",
    "siteInChargeName": "Bidhichand Rajbhar",
    "startDate": "2026-09-28",
    "status": "SITE_APPROVED",
    "submittedByEmployeeId": undefined,
    "supervisorName": "Neetesh Diwathe",
    "timeline": [
      {
        "action": "Leave requested",
        "actor": "Mohee Vinchu",
        "at": "2026-09-23T04:30:00.000Z",
        "note": "Requested by employee",
        "role": "employee",
      },
      {
        "action": "Supervisor verified",
        "actor": "Sup",
        "at": "2026-09-23T04:30:00.000Z",
        "note": "Reason and dates confirmed",
        "role": "supervisor",
      },
      {
        "action": "Site decision",
        "actor": "SIC",
        "at": "2026-09-23T04:30:00.000Z",
        "note": "Sanjay Kamble arranged from local reliever pool",
        "role": "site_incharge",
      },
    ],
    "updatedAt": "2026-09-23T04:30:00.000Z",
  },
  "verify": {
    "createdAt": "2026-09-23T04:30:00.000Z",
    "daysRequested": 2,
    "department": "Operations",
    "employeeId": "emp0128",
    "employeeName": "Mohee Vinchu",
    "endDate": "2026-09-29",
    "enteredByName": "Mohee Vinchu",
    "enteredByRole": "employee",
    "entrySource": "employee",
    "expectedReturnDate": "2026-09-30",
    "halfDaySlot": undefined,
    "id": "lv-mudltqo0",
    "isHalfDay": undefined,
    "lastCommunication": undefined,
    "leaveBalanceDays": 6,
    "leaveType": "casual",
    "managerName": "Anand Dakave",
    "mode": "planned",
    "potentialOtCost": 0,
    "potentialOtHours": 0,
    "reason": "Baseline flow",
    "replacementRequired": true,
    "requestedByName": "Mohee Vinchu",
    "shiftId": "sh-night",
    "siteId": "s-etp",
    "siteInChargeName": "Bidhichand Rajbhar",
    "startDate": "2026-09-28",
    "status": "SUPERVISOR_VERIFIED",
    "submittedByEmployeeId": undefined,
    "supervisorName": "Neetesh Diwathe",
    "timeline": [
      {
        "action": "Leave requested",
        "actor": "Mohee Vinchu",
        "at": "2026-09-23T04:30:00.000Z",
        "note": "Requested by employee",
        "role": "employee",
      },
      {
        "action": "Supervisor verified",
        "actor": "Sup",
        "at": "2026-09-23T04:30:00.000Z",
        "note": "Reason and dates confirmed",
        "role": "supervisor",
      },
    ],
    "updatedAt": "2026-09-23T04:30:00.000Z",
  },
}
`;

exports[`rbac > permission matrix: every exported check × every demo session 1`] = `
{
  "canAccessEmployeeRecord": [
    [
      false,
      false,
      false,
    ],
    [
      true,
      true,
      false,
    ],
    [
      true,
      true,
      false,
    ],
    [
      true,
      false,
      false,
    ],
    [
      true,
      false,
      false,
    ],
    [
      true,
      false,
      false,
    ],
    [
      true,
      false,
      false,
    ],
    [
      true,
      false,
      false,
    ],
    [
      true,
      false,
      false,
    ],
    [
      true,
      false,
      false,
    ],
    [
      true,
      false,
      false,
    ],
    [
      false,
      true,
      false,
    ],
    [
      false,
      true,
      false,
    ],
    [
      false,
      true,
      false,
    ],
    [
      false,
      true,
      false,
    ],
    [
      false,
      true,
      false,
    ],
    [
      false,
      true,
      false,
    ],
    [
      false,
      true,
      false,
    ],
    [
      false,
      true,
      false,
    ],
    [
      false,
      false,
      false,
    ],
    [
      false,
      false,
      false,
    ],
    [
      false,
      false,
      false,
    ],
    [
      false,
      false,
      false,
    ],
    [
      false,
      false,
      false,
    ],
    [
      false,
      false,
      false,
    ],
    [
      false,
      false,
      false,
    ],
    [
      false,
      false,
      false,
    ],
    [
      true,
      false,
      false,
    ],
    [
      true,
      true,
      false,
    ],
    [
      true,
      false,
      false,
    ],
    [
      true,
      true,
      false,
    ],
  ],
  "canAdminFinalizeLeave": [
    false,
    true,
    false,
    false,
    false,
    false,
    false,
    false,
    false,
    false,
    false,
    false,
    false,
    false,
    false,
    false,
    false,
    false,
    false,
    false,
    false,
    false,
    false,
    false,
    false,
    false,
    false,
    false,
    false,
    false,
    false,
  ],
  "canAdminFinalizeRotation": [
    false,
    true,
    false,
    false,
    false,
    false,
    false,
    false,
    false,
    false,
    false,
    false,
    false,
    false,
    false,
    false,
    false,
    false,
    false,
    false,
    false,
    false,
    false,
    false,
    false,
    false,
    false,
    false,
    false,
    false,
    false,
  ],
  "canApproveShiftChanges": [
    false,
    true,
    false,
    true,
    true,
    false,
    false,
    false,
    false,
    false,
    false,
    true,
    true,
    false,
    false,
    false,
    false,
    false,
    false,
    true,
    true,
    false,
    false,
    false,
    false,
    false,
    false,
    false,
    false,
    true,
    false,
  ],
  "canAssignOt": [
    false,
    true,
    false,
    true,
    false,
    false,
    false,
    false,
    false,
    false,
    false,
    true,
    false,
    false,
    false,
    false,
    false,
    false,
    false,
    true,
    false,
    false,
    false,
    false,
    false,
    false,
    false,
    false,
    false,
    false,
    false,
  ],
  "canConfirmLeaveReturn": [
    false,
    true,
    false,
    true,
    true,
    true,
    false,
    false,
    false,
    false,
    false,
    true,
    true,
    true,
    false,
    false,
    false,
    false,
    false,
    true,
    true,
    true,
    false,
    false,
    false,
    false,
    false,
    false,
    false,
    true,
    false,
  ],
  "canDownloadOtReports": [
    false,
    true,
    true,
    true,
    true,
    true,
    false,
    false,
    false,
    false,
    false,
    true,
    true,
    true,
    false,
    false,
    false,
    false,
    false,
    true,
    true,
    true,
    false,
    false,
    false,
    false,
    false,
    false,
    true,
    true,
    false,
  ],
  "canDownloadReports": [
    false,
    true,
    true,
    true,
    true,
    true,
    false,
    false,
    false,
    false,
    false,
    true,
    true,
    true,
    false,
    false,
    false,
    false,
    false,
    true,
    true,
    true,
    false,
    false,
    false,
    false,
    false,
    false,
    true,
    true,
    false,
  ],
  "canEnterLeaveForOthers": [
    false,
    true,
    true,
    true,
    true,
    true,
    false,
    false,
    false,
    false,
    false,
    true,
    true,
    true,
    false,
    false,
    false,
    false,
    false,
    true,
    true,
    true,
    false,
    false,
    false,
    false,
    false,
    false,
    true,
    true,
    false,
  ],
  "canEvaluateAssessments": [
    false,
    true,
    false,
    true,
    false,
    false,
    false,
    false,
    false,
    false,
    false,
    true,
    false,
    false,
    false,
    false,
    false,
    false,
    false,
    true,
    false,
    false,
    false,
    false,
    false,
    false,
    false,
    false,
    false,
    false,
    false,
  ],
  "canGenerateRotation": [
    false,
    true,
    false,
    true,
    true,
    false,
    false,
    false,
    false,
    false,
    false,
    true,
    true,
    false,
    false,
    false,
    false,
    false,
    false,
    true,
    true,
    false,
    false,
    false,
    false,
    false,
    false,
    false,
    false,
    true,
    false,
  ],
  "canManageRelieverPool": [
    false,
    true,
    false,
    true,
    true,
    true,
    false,
    false,
    false,
    false,
    false,
    true,
    true,
    true,
    false,
    false,
    false,
    false,
    false,
    true,
    true,
    true,
    false,
    false,
    false,
    false,
    false,
    false,
    false,
    true,
    false,
  ],
  "canManageShifts": [
    false,
    true,
    false,
    true,
    true,
    false,
    false,
    false,
    false,
    false,
    false,
    true,
    true,
    false,
    false,
    false,
    false,
    false,
    false,
    true,
    true,
    false,
    false,
    false,
    false,
    false,
    false,
    false,
    false,
    true,
    false,
  ],
  "canManagerDecideLeave": [
    false,
    true,
    false,
    true,
    false,
    false,
    false,
    false,
    false,
    false,
    false,
    true,
    false,
    false,
    false,
    false,
    false,
    false,
    false,
    true,
    false,
    false,
    false,
    false,
    false,
    false,
    false,
    false,
    false,
    false,
    false,
  ],
  "canManagerDecideRotation": [
    false,
    true,
    false,
    true,
    false,
    false,
    false,
    false,
    false,
    false,
    false,
    true,
    false,
    false,
    false,
    false,
    false,
    false,
    false,
    true,
    false,
    false,
    false,
    false,
    false,
    false,
    false,
    false,
    false,
    false,
    false,
  ],
  "canPublishRotation": [
    false,
    true,
    false,
    true,
    false,
    false,
    false,
    false,
    false,
    false,
    false,
    true,
    false,
    false,
    false,
    false,
    false,
    false,
    false,
    true,
    false,
    false,
    false,
    false,
    false,
    false,
    false,
    false,
    false,
    false,
    false,
  ],
  "canSiteApproveLeave": [
    false,
    true,
    false,
    true,
    true,
    false,
    false,
    false,
    false,
    false,
    false,
    true,
    true,
    false,
    false,
    false,
    false,
    false,
    false,
    true,
    true,
    false,
    false,
    false,
    false,
    false,
    false,
    false,
    false,
    true,
    false,
  ],
  "canSupervisorVerifyLeave": [
    false,
    true,
    false,
    true,
    true,
    true,
    false,
    false,
    false,
    false,
    false,
    true,
    true,
    true,
    false,
    false,
    false,
    false,
    false,
    true,
    true,
    true,
    false,
    false,
    false,
    false,
    false,
    false,
    false,
    false,
    false,
  ],
  "canViewAllSites": [
    false,
    true,
    true,
    false,
    false,
    false,
    false,
    false,
    false,
    false,
    false,
    false,
    false,
    false,
    false,
    false,
    false,
    false,
    false,
    false,
    false,
    false,
    false,
    false,
    false,
    false,
    false,
    false,
    true,
    false,
    true,
  ],
  "canViewLeaveManagement": [
    false,
    true,
    true,
    true,
    false,
    false,
    false,
    false,
    false,
    false,
    false,
    true,
    false,
    false,
    false,
    false,
    false,
    false,
    false,
    true,
    false,
    false,
    false,
    false,
    false,
    false,
    false,
    false,
    true,
    false,
    false,
  ],
  "canViewLeavePending": [
    false,
    true,
    true,
    true,
    true,
    true,
    false,
    false,
    false,
    false,
    false,
    true,
    true,
    true,
    false,
    false,
    false,
    false,
    false,
    true,
    true,
    true,
    false,
    false,
    false,
    false,
    false,
    false,
    true,
    true,
    true,
  ],
  "canViewOtModule": [
    false,
    true,
    true,
    true,
    true,
    true,
    false,
    false,
    false,
    false,
    false,
    true,
    true,
    true,
    false,
    false,
    false,
    false,
    false,
    true,
    true,
    true,
    false,
    false,
    false,
    false,
    false,
    false,
    true,
    true,
    true,
  ],
  "canViewRelieverPoolNav": [
    false,
    true,
    false,
    true,
    true,
    true,
    false,
    false,
    false,
    false,
    false,
    true,
    true,
    true,
    false,
    false,
    false,
    false,
    false,
    true,
    true,
    true,
    false,
    false,
    false,
    false,
    false,
    false,
    false,
    true,
    false,
  ],
  "canViewShiftsNav": [
    false,
    true,
    false,
    true,
    true,
    false,
    false,
    false,
    false,
    false,
    false,
    true,
    true,
    false,
    false,
    false,
    false,
    false,
    false,
    true,
    true,
    false,
    false,
    false,
    false,
    false,
    false,
    false,
    false,
    true,
    false,
  ],
  "canViewSitesNav": [
    false,
    true,
    true,
    true,
    true,
    false,
    false,
    false,
    false,
    false,
    false,
    true,
    true,
    false,
    false,
    false,
    false,
    false,
    false,
    true,
    true,
    false,
    false,
    false,
    false,
    false,
    false,
    false,
    true,
    true,
    true,
  ],
  "canWithdrawLeaveRequest": [
    [
      false,
      false,
      false,
      false,
      false,
      false,
      false,
    ],
    [
      false,
      false,
      false,
      false,
      false,
      false,
      false,
    ],
    [
      false,
      false,
      false,
      false,
      false,
      false,
      false,
    ],
    [
      false,
      false,
      false,
      false,
      false,
      false,
      false,
    ],
    [
      false,
      false,
      false,
      false,
      false,
      false,
      false,
    ],
    [
      false,
      false,
      true,
      false,
      false,
      false,
      false,
    ],
    [
      false,
      false,
      false,
      false,
      true,
      false,
      false,
    ],
    [
      false,
      false,
      true,
      false,
      false,
      false,
      false,
    ],
    [
      false,
      false,
      false,
      false,
      false,
      false,
      false,
    ],
    [
      false,
      false,
      false,
      false,
      false,
      false,
      false,
    ],
    [
      false,
      false,
      false,
      false,
      false,
      false,
      false,
    ],
    [
      false,
      false,
      false,
      false,
      false,
      false,
      false,
    ],
    [
      false,
      false,
      false,
      false,
      false,
      false,
      false,
    ],
    [
      false,
      false,
      false,
      false,
      false,
      false,
      false,
    ],
    [
      false,
      false,
      false,
      true,
      false,
      false,
      false,
    ],
    [
      false,
      false,
      false,
      false,
      false,
      false,
      false,
    ],
    [
      false,
      false,
      false,
      false,
      false,
      false,
      false,
    ],
    [
      false,
      false,
      false,
      false,
      false,
      false,
      false,
    ],
    [
      false,
      false,
      false,
      false,
      false,
      false,
      false,
    ],
    [
      false,
      false,
      false,
      false,
      false,
      false,
      false,
    ],
    [
      false,
      false,
      false,
      false,
      false,
      false,
      false,
    ],
    [
      false,
      false,
      false,
      false,
      false,
      false,
      false,
    ],
    [
      true,
      false,
      false,
      false,
      false,
      false,
      false,
    ],
    [
      false,
      false,
      false,
      false,
      false,
      false,
      false,
    ],
    [
      false,
      false,
      false,
      false,
      false,
      false,
      false,
    ],
    [
      false,
      false,
      false,
      false,
      false,
      false,
      false,
    ],
    [
      false,
      false,
      false,
      false,
      false,
      false,
      false,
    ],
    [
      false,
      false,
      false,
      false,
      true,
      false,
      false,
    ],
    [
      false,
      false,
      false,
      false,
      false,
      false,
      false,
    ],
    [
      false,
      false,
      false,
      false,
      false,
      false,
      false,
    ],
    [
      false,
      false,
      false,
      false,
      false,
      false,
      false,
    ],
  ],
  "isElevated": [
    false,
    true,
    false,
    true,
    false,
    false,
    false,
    false,
    false,
    false,
    false,
    true,
    false,
    false,
    false,
    false,
    false,
    false,
    false,
    true,
    false,
    false,
    false,
    false,
    false,
    false,
    false,
    false,
    false,
    false,
    false,
  ],
  "leaveActorRole": [
    "employee",
    "director",
    "hr",
    "management",
    "site_incharge",
    "supervisor",
    "employee",
    "employee",
    "employee",
    "employee",
    "employee",
    "management",
    "site_incharge",
    "supervisor",
    "employee",
    "employee",
    "employee",
    "employee",
    "employee",
    "management",
    "site_incharge",
    "supervisor",
    "employee",
    "employee",
    "employee",
    "employee",
    "employee",
    "employee",
    "hr",
    "site_incharge",
    "employee",
  ],
  "normalizeRole": [
    "employee",
    "director",
    "hr",
    "manager",
    "shift_incharge",
    "supervisor",
    "employee",
    "employee",
    "employee",
    "employee",
    "employee",
    "manager",
    "shift_incharge",
    "supervisor",
    "employee",
    "employee",
    "employee",
    "employee",
    "employee",
    "manager",
    "shift_incharge",
    "supervisor",
    "employee",
    "employee",
    "employee",
    "employee",
    "employee",
    "employee",
    "hr",
    "site_incharge",
    "safety_incharge",
  ],
  "roleLabel": [
    "Employee",
    "Director",
    "HR Manager",
    "Manager",
    "Shift In-Charge",
    "Supervisor",
    "Employee",
    "Employee",
    "Employee",
    "Employee",
    "Employee",
    "Manager",
    "Shift In-Charge",
    "Supervisor",
    "Employee",
    "Employee",
    "Employee",
    "Employee",
    "Employee",
    "Manager",
    "Shift In-Charge",
    "Supervisor",
    "Employee",
    "Employee",
    "Employee",
    "Employee",
    "Employee",
    "Employee",
    "HR Manager",
    "Site In-Charge",
    "Safety In-Charge",
  ],
  "scopedEmployeeId": [
    undefined,
    undefined,
    undefined,
    undefined,
    undefined,
    undefined,
    "emp0126",
    "emp0127",
    "emp0128",
    "emp0129",
    "emp0130",
    undefined,
    undefined,
    undefined,
    "emp0134",
    "emp0135",
    "emp0136",
    "emp0137",
    "emp0138",
    undefined,
    undefined,
    undefined,
    "emp0142",
    "emp0143",
    "emp0144",
    "emp0145",
    "emp0146",
    "emp0126",
    undefined,
    undefined,
    undefined,
  ],
  "scopedSiteId": [
    "s-etp",
    undefined,
    undefined,
    "s-etp",
    "s-etp",
    "s-etp",
    "s-etp",
    "s-etp",
    "s-etp",
    "s-etp",
    "s-etp",
    "s-ro",
    "s-ro",
    "s-ro",
    "s-ro",
    "s-ro",
    "s-ro",
    "s-ro",
    "s-ro",
    "s-mee",
    "s-mee",
    "s-mee",
    "s-mee",
    "s-mee",
    "s-mee",
    "s-mee",
    "s-mee",
    "s-etp",
    undefined,
    "s-etp",
    undefined,
  ],
  "selfEmployeeId": [
    undefined,
    undefined,
    "emp0147",
    "emp0123",
    "emp0124",
    "emp0125",
    "emp0126",
    "emp0127",
    "emp0128",
    "emp0129",
    "emp0130",
    "emp0131",
    "emp0132",
    "emp0133",
    "emp0134",
    "emp0135",
    "emp0136",
    "emp0137",
    "emp0138",
    "emp0139",
    "emp0140",
    "emp0141",
    "emp0142",
    "emp0143",
    "emp0144",
    "emp0145",
    "emp0146",
    "emp0126",
    "emp0147",
    "emp0123",
    undefined,
  ],
  "visibleShiftNavKeys": [
    null,
    [
      "/shifts",
      "/shifts/master",
      "/shifts/schedule",
      "/shifts/rotation",
      "/shifts/change-requests",
      "/shifts/reliever-allocation",
      "/shifts/deviations",
    ],
    null,
    [
      "/shifts",
      "/shifts/master",
      "/shifts/schedule",
      "/shifts/rotation",
      "/shifts/change-requests",
      "/shifts/reliever-allocation",
      "/shifts/deviations",
    ],
    [
      "/shifts",
      "/shifts/master",
      "/shifts/schedule",
      "/shifts/rotation",
      "/shifts/change-requests",
      "/shifts/reliever-allocation",
      "/shifts/deviations",
    ],
    null,
    null,
    null,
    null,
    null,
    null,
    [
      "/shifts",
      "/shifts/master",
      "/shifts/schedule",
      "/shifts/rotation",
      "/shifts/change-requests",
      "/shifts/reliever-allocation",
      "/shifts/deviations",
    ],
    [
      "/shifts",
      "/shifts/master",
      "/shifts/schedule",
      "/shifts/rotation",
      "/shifts/change-requests",
      "/shifts/reliever-allocation",
      "/shifts/deviations",
    ],
    null,
    null,
    null,
    null,
    null,
    null,
    [
      "/shifts",
      "/shifts/master",
      "/shifts/schedule",
      "/shifts/rotation",
      "/shifts/change-requests",
      "/shifts/reliever-allocation",
      "/shifts/deviations",
    ],
    [
      "/shifts",
      "/shifts/master",
      "/shifts/schedule",
      "/shifts/rotation",
      "/shifts/change-requests",
      "/shifts/reliever-allocation",
      "/shifts/deviations",
    ],
    null,
    null,
    null,
    null,
    null,
    null,
    null,
    null,
    [
      "/shifts",
      "/shifts/master",
      "/shifts/schedule",
      "/shifts/rotation",
      "/shifts/change-requests",
      "/shifts/reliever-allocation",
      "/shifts/deviations",
    ],
    null,
  ],
}
`;
